Analysis & Synthesis report for MACv2
Wed Nov 04 16:31:04 2020
Quartus Prime Version 18.1.0 Build 625 09/12/2018 SJ Lite Edition


---------------------
; Table of Contents ;
---------------------
  1. Legal Notice
  2. Analysis & Synthesis Summary
  3. Analysis & Synthesis Settings
  4. Parallel Compilation
  5. Analysis & Synthesis Source Files Read
  6. Analysis & Synthesis Resource Usage Summary
  7. Analysis & Synthesis Resource Utilization by Entity
  8. Analysis & Synthesis DSP Block Usage Summary
  9. General Register Statistics
 10. Inverted Register Statistics
 11. Multiplexer Restructuring Statistics (Restructuring Performed)
 12. Post-Synthesis Netlist Statistics for Top Partition
 13. Elapsed Time Per Partition
 14. Analysis & Synthesis Messages



----------------
; Legal Notice ;
----------------
Copyright (C) 2018  Intel Corporation. All rights reserved.
Your use of Intel Corporation's design tools, logic functions 
and other software and tools, and its AMPP partner logic 
functions, and any output files from any of the foregoing 
(including device programming or simulation files), and any 
associated documentation or information are expressly subject 
to the terms and conditions of the Intel Program License 
Subscription Agreement, the Intel Quartus Prime License Agreement,
the Intel FPGA IP License Agreement, or other applicable license
agreement, including, without limitation, that your use is for
the sole purpose of programming logic devices manufactured by
Intel and sold by Intel or its authorized distributors.  Please
refer to the applicable agreement for further details.



+-------------------------------------------------------------------------------+
; Analysis & Synthesis Summary                                                  ;
+---------------------------------+---------------------------------------------+
; Analysis & Synthesis Status     ; Successful - Wed Nov 04 16:31:04 2020       ;
; Quartus Prime Version           ; 18.1.0 Build 625 09/12/2018 SJ Lite Edition ;
; Revision Name                   ; MACv2                                       ;
; Top-level Entity Name           ; MACv2                                       ;
; Family                          ; Cyclone V                                   ;
; Logic utilization (in ALMs)     ; N/A                                         ;
; Total registers                 ; 222                                         ;
; Total pins                      ; 67                                          ;
; Total virtual pins              ; 0                                           ;
; Total block memory bits         ; 0                                           ;
; Total DSP Blocks                ; 16                                          ;
; Total HSSI RX PCSs              ; 0                                           ;
; Total HSSI PMA RX Deserializers ; 0                                           ;
; Total HSSI TX PCSs              ; 0                                           ;
; Total HSSI PMA TX Serializers   ; 0                                           ;
; Total PLLs                      ; 0                                           ;
; Total DLLs                      ; 0                                           ;
+---------------------------------+---------------------------------------------+


+---------------------------------------------------------------------------------------------------------------------------+
; Analysis & Synthesis Settings                                                                                             ;
+---------------------------------------------------------------------------------+--------------------+--------------------+
; Option                                                                          ; Setting            ; Default Value      ;
+---------------------------------------------------------------------------------+--------------------+--------------------+
; Device                                                                          ; 5CSEMA5F31C6       ;                    ;
; Top-level entity name                                                           ; MACv2              ; MACv2              ;
; Family name                                                                     ; Cyclone V          ; Cyclone V          ;
; Maximum processors allowed for parallel compilation                             ; All                ;                    ;
; Use smart compilation                                                           ; Off                ; Off                ;
; Enable parallel Assembler and Timing Analyzer during compilation                ; On                 ; On                 ;
; Enable compact report table                                                     ; Off                ; Off                ;
; Restructure Multiplexers                                                        ; Auto               ; Auto               ;
; MLAB Add Timing Constraints For Mixed-Port Feed-Through Mode Setting Don't Care ; Off                ; Off                ;
; Create Debugging Nodes for IP Cores                                             ; Off                ; Off                ;
; Preserve fewer node names                                                       ; On                 ; On                 ;
; Intel FPGA IP Evaluation Mode                                                   ; Enable             ; Enable             ;
; Verilog Version                                                                 ; Verilog_2001       ; Verilog_2001       ;
; VHDL Version                                                                    ; VHDL_1993          ; VHDL_1993          ;
; State Machine Processing                                                        ; Auto               ; Auto               ;
; Safe State Machine                                                              ; Off                ; Off                ;
; Extract Verilog State Machines                                                  ; On                 ; On                 ;
; Extract VHDL State Machines                                                     ; On                 ; On                 ;
; Ignore Verilog initial constructs                                               ; Off                ; Off                ;
; Iteration limit for constant Verilog loops                                      ; 5000               ; 5000               ;
; Iteration limit for non-constant Verilog loops                                  ; 250                ; 250                ;
; Add Pass-Through Logic to Inferred RAMs                                         ; On                 ; On                 ;
; Infer RAMs from Raw Logic                                                       ; On                 ; On                 ;
; Parallel Synthesis                                                              ; On                 ; On                 ;
; DSP Block Balancing                                                             ; Auto               ; Auto               ;
; NOT Gate Push-Back                                                              ; On                 ; On                 ;
; Power-Up Don't Care                                                             ; On                 ; On                 ;
; Remove Redundant Logic Cells                                                    ; Off                ; Off                ;
; Remove Duplicate Registers                                                      ; On                 ; On                 ;
; Ignore CARRY Buffers                                                            ; Off                ; Off                ;
; Ignore CASCADE Buffers                                                          ; Off                ; Off                ;
; Ignore GLOBAL Buffers                                                           ; Off                ; Off                ;
; Ignore ROW GLOBAL Buffers                                                       ; Off                ; Off                ;
; Ignore LCELL Buffers                                                            ; Off                ; Off                ;
; Ignore SOFT Buffers                                                             ; On                 ; On                 ;
; Limit AHDL Integers to 32 Bits                                                  ; Off                ; Off                ;
; Optimization Technique                                                          ; Balanced           ; Balanced           ;
; Carry Chain Length                                                              ; 70                 ; 70                 ;
; Auto Carry Chains                                                               ; On                 ; On                 ;
; Auto Open-Drain Pins                                                            ; On                 ; On                 ;
; Perform WYSIWYG Primitive Resynthesis                                           ; Off                ; Off                ;
; Auto ROM Replacement                                                            ; On                 ; On                 ;
; Auto RAM Replacement                                                            ; On                 ; On                 ;
; Auto DSP Block Replacement                                                      ; On                 ; On                 ;
; Auto Shift Register Replacement                                                 ; Auto               ; Auto               ;
; Allow Shift Register Merging across Hierarchies                                 ; Auto               ; Auto               ;
; Auto Clock Enable Replacement                                                   ; On                 ; On                 ;
; Strict RAM Replacement                                                          ; Off                ; Off                ;
; Allow Synchronous Control Signals                                               ; On                 ; On                 ;
; Force Use of Synchronous Clear Signals                                          ; Off                ; Off                ;
; Auto Resource Sharing                                                           ; Off                ; Off                ;
; Allow Any RAM Size For Recognition                                              ; Off                ; Off                ;
; Allow Any ROM Size For Recognition                                              ; Off                ; Off                ;
; Allow Any Shift Register Size For Recognition                                   ; Off                ; Off                ;
; Use LogicLock Constraints during Resource Balancing                             ; On                 ; On                 ;
; Ignore translate_off and synthesis_off directives                               ; Off                ; Off                ;
; Timing-Driven Synthesis                                                         ; On                 ; On                 ;
; Report Parameter Settings                                                       ; On                 ; On                 ;
; Report Source Assignments                                                       ; On                 ; On                 ;
; Report Connectivity Checks                                                      ; On                 ; On                 ;
; Ignore Maximum Fan-Out Assignments                                              ; Off                ; Off                ;
; Synchronization Register Chain Length                                           ; 3                  ; 3                  ;
; Power Optimization During Synthesis                                             ; Normal compilation ; Normal compilation ;
; HDL message level                                                               ; Level2             ; Level2             ;
; Suppress Register Optimization Related Messages                                 ; Off                ; Off                ;
; Number of Removed Registers Reported in Synthesis Report                        ; 5000               ; 5000               ;
; Number of Swept Nodes Reported in Synthesis Report                              ; 5000               ; 5000               ;
; Number of Inverted Registers Reported in Synthesis Report                       ; 100                ; 100                ;
; Clock MUX Protection                                                            ; On                 ; On                 ;
; Auto Gated Clock Conversion                                                     ; Off                ; Off                ;
; Block Design Naming                                                             ; Auto               ; Auto               ;
; SDC constraint protection                                                       ; Off                ; Off                ;
; Synthesis Effort                                                                ; Auto               ; Auto               ;
; Shift Register Replacement - Allow Asynchronous Clear Signal                    ; On                 ; On                 ;
; Pre-Mapping Resynthesis Optimization                                            ; Off                ; Off                ;
; Analysis & Synthesis Message Level                                              ; Medium             ; Medium             ;
; Disable Register Merging Across Hierarchies                                     ; Auto               ; Auto               ;
; Resource Aware Inference For Block RAM                                          ; On                 ; On                 ;
; Automatic Parallel Synthesis                                                    ; On                 ; On                 ;
; Partial Reconfiguration Bitstream ID                                            ; Off                ; Off                ;
+---------------------------------------------------------------------------------+--------------------+--------------------+


+------------------------------------------+
; Parallel Compilation                     ;
+----------------------------+-------------+
; Processors                 ; Number      ;
+----------------------------+-------------+
; Number detected on machine ; 4           ;
; Maximum allowed            ; 4           ;
;                            ;             ;
; Average used               ; 1.00        ;
; Maximum used               ; 4           ;
;                            ;             ;
; Usage by Processor         ; % Time Used ;
;     Processor 1            ; 100.0%      ;
;     Processor 2            ;   0.0%      ;
;     Processor 3            ;   0.0%      ;
;     Processor 4            ;   0.0%      ;
+----------------------------+-------------+


+---------------------------------------------------------------------------------------------------------------------------------------------------------------------------+
; Analysis & Synthesis Source Files Read                                                                                                                                    ;
+----------------------------------+-----------------+-----------------+------------------------------------------------------------------------------------------+---------+
; File Name with User-Entered Path ; Used in Netlist ; File Type       ; File Name with Absolute Path                                                             ; Library ;
+----------------------------------+-----------------+-----------------+------------------------------------------------------------------------------------------+---------+
; MACv2.vhd                        ; yes             ; User VHDL File  ; D:/Google_Drive/Uni/Master/M Y1 1A/Embedded Computer Architectures/MACv2/MACv2.vhd       ;         ;
; int2hexdisp.vhd                  ; yes             ; User VHDL File  ; D:/Google_Drive/Uni/Master/M Y1 1A/Embedded Computer Architectures/MACv2/int2hexdisp.vhd ;         ;
; timer.vhd                        ; yes             ; User VHDL File  ; D:/Google_Drive/Uni/Master/M Y1 1A/Embedded Computer Architectures/MACv2/timer.vhd       ;         ;
; MAC.vhd                          ; yes             ; User VHDL File  ; D:/Google_Drive/Uni/Master/M Y1 1A/Embedded Computer Architectures/MACv2/MAC.vhd         ;         ;
; common.vhd                       ; yes             ; User VHDL File  ; D:/Google_Drive/Uni/Master/M Y1 1A/Embedded Computer Architectures/MACv2/common.vhd      ;         ;
+----------------------------------+-----------------+-----------------+------------------------------------------------------------------------------------------+---------+


+-------------------------------------------------------+
; Analysis & Synthesis Resource Usage Summary           ;
+---------------------------------------------+---------+
; Resource                                    ; Usage   ;
+---------------------------------------------+---------+
; Estimate of Logic utilization (ALMs needed) ; 903     ;
;                                             ;         ;
; Combinational ALUT usage for logic          ; 1069    ;
;     -- 7 input functions                    ; 15      ;
;     -- 6 input functions                    ; 721     ;
;     -- 5 input functions                    ; 161     ;
;     -- 4 input functions                    ; 44      ;
;     -- <=3 input functions                  ; 128     ;
;                                             ;         ;
; Dedicated logic registers                   ; 222     ;
;                                             ;         ;
; I/O pins                                    ; 67      ;
;                                             ;         ;
; Total DSP Blocks                            ; 16      ;
;                                             ;         ;
; Maximum fan-out node                        ; Mult1~8 ;
; Maximum fan-out                             ; 419     ;
; Total fan-out                               ; 4570    ;
; Average fan-out                             ; 3.17    ;
+---------------------------------------------+---------+


+--------------------------------------------------------------------------------------------------------------------------------------------------------------------------------------------+
; Analysis & Synthesis Resource Utilization by Entity                                                                                                                                        ;
+----------------------------+---------------------+---------------------------+-------------------+------------+------+--------------+-------------------------+-------------+--------------+
; Compilation Hierarchy Node ; Combinational ALUTs ; Dedicated Logic Registers ; Block Memory Bits ; DSP Blocks ; Pins ; Virtual Pins ; Full Hierarchy Name     ; Entity Name ; Library Name ;
+----------------------------+---------------------+---------------------------+-------------------+------------+------+--------------+-------------------------+-------------+--------------+
; |MACv2                     ; 1069 (987)          ; 222 (198)                 ; 0                 ; 16         ; 67   ; 0            ; |MACv2                  ; MACv2       ; work         ;
;    |MAC:MAC0|              ; 16 (16)             ; 0 (0)                     ; 0                 ; 12         ; 0    ; 0            ; |MACv2|MAC:MAC0         ; MAC         ; work         ;
;    |int2hexdisp:disp|      ; 42 (42)             ; 0 (0)                     ; 0                 ; 0          ; 0    ; 0            ; |MACv2|int2hexdisp:disp ; int2hexdisp ; work         ;
;    |timer:timer1|          ; 24 (24)             ; 24 (24)                   ; 0                 ; 0          ; 0    ; 0            ; |MACv2|timer:timer1     ; timer       ; work         ;
+----------------------------+---------------------+---------------------------+-------------------+------------+------+--------------+-------------------------+-------------+--------------+
Note: For table entries with two numbers listed, the numbers in parentheses indicate the number of resources of the given type used by the specific entity alone. The numbers listed outside of parentheses indicate the total resources of the given type used by the specific entity and all of its sub-entities in the hierarchy.


+-----------------------------------------------+
; Analysis & Synthesis DSP Block Usage Summary  ;
+---------------------------------+-------------+
; Statistic                       ; Number Used ;
+---------------------------------+-------------+
; Independent 9x9                 ; 2           ;
; Independent 18x18 plus 36       ; 12          ;
; Sum of two 18x18                ; 1           ;
; Independent 27x27               ; 1           ;
; Total number of DSP blocks      ; 16          ;
;                                 ;             ;
; Fixed Point Unsigned Multiplier ; 17          ;
+---------------------------------+-------------+


+------------------------------------------------------+
; General Register Statistics                          ;
+----------------------------------------------+-------+
; Statistic                                    ; Value ;
+----------------------------------------------+-------+
; Total registers                              ; 222   ;
; Number of registers using Synchronous Clear  ; 0     ;
; Number of registers using Synchronous Load   ; 0     ;
; Number of registers using Asynchronous Clear ; 33    ;
; Number of registers using Asynchronous Load  ; 0     ;
; Number of registers using Clock Enable       ; 217   ;
; Number of registers using Preset             ; 0     ;
+----------------------------------------------+-------+


+--------------------------------------------------+
; Inverted Register Statistics                     ;
+----------------------------------------+---------+
; Inverted Register                      ; Fan out ;
+----------------------------------------+---------+
; runTimer                               ; 31      ;
; Total number of inverted registers = 1 ;         ;
+----------------------------------------+---------+


+------------------------------------------------------------------------------------------------------------------------------------------+
; Multiplexer Restructuring Statistics (Restructuring Performed)                                                                           ;
+--------------------+-----------+---------------+----------------------+------------------------+------------+----------------------------+
; Multiplexer Inputs ; Bus Width ; Baseline Area ; Area if Restructured ; Saving if Restructured ; Registered ; Example Multiplexer Output ;
+--------------------+-----------+---------------+----------------------+------------------------+------------+----------------------------+
; 170:1              ; 17 bits   ; 1921 LEs      ; 1207 LEs             ; 714 LEs                ; No         ; |MACv2|Mux189              ;
+--------------------+-----------+---------------+----------------------+------------------------+------------+----------------------------+


+-----------------------------------------------------+
; Post-Synthesis Netlist Statistics for Top Partition ;
+-----------------------+-----------------------------+
; Type                  ; Count                       ;
+-----------------------+-----------------------------+
; arriav_ff             ; 222                         ;
;     CLR               ; 5                           ;
;     ENA               ; 189                         ;
;     ENA CLR           ; 28                          ;
; arriav_lcell_comb     ; 1070                        ;
;     arith             ; 123                         ;
;         1 data inputs ; 111                         ;
;         2 data inputs ; 12                          ;
;     extend            ; 15                          ;
;         7 data inputs ; 15                          ;
;     normal            ; 932                         ;
;         0 data inputs ; 1                           ;
;         1 data inputs ; 1                           ;
;         2 data inputs ; 2                           ;
;         3 data inputs ; 2                           ;
;         4 data inputs ; 44                          ;
;         5 data inputs ; 161                         ;
;         6 data inputs ; 721                         ;
; arriav_mac            ; 16                          ;
; boundary_port         ; 67                          ;
;                       ;                             ;
; Max LUT depth         ; 4.20                        ;
; Average LUT depth     ; 2.02                        ;
+-----------------------+-----------------------------+


+-------------------------------+
; Elapsed Time Per Partition    ;
+----------------+--------------+
; Partition Name ; Elapsed Time ;
+----------------+--------------+
; Top            ; 00:00:02     ;
+----------------+--------------+


+-------------------------------+
; Analysis & Synthesis Messages ;
+-------------------------------+
Info: *******************************************************************
Info: Running Quartus Prime Analysis & Synthesis
    Info: Version 18.1.0 Build 625 09/12/2018 SJ Lite Edition
    Info: Processing started: Wed Nov 04 16:30:50 2020
Info: Command: quartus_map --read_settings_files=on --write_settings_files=off MACv2 -c MACv2
Info (20030): Parallel compilation is enabled and will use 4 of the 4 processors detected
Info (12021): Found 2 design units, including 1 entities, in source file macv2.vhd
    Info (12022): Found design unit 1: MACv2-bhv File: D:/Google_Drive/Uni/Master/M Y1 1A/Embedded Computer Architectures/MACv2/MACv2.vhd Line: 26
    Info (12023): Found entity 1: MACv2 File: D:/Google_Drive/Uni/Master/M Y1 1A/Embedded Computer Architectures/MACv2/MACv2.vhd Line: 7
Info (12021): Found 2 design units, including 1 entities, in source file int2hexdisp.vhd
    Info (12022): Found design unit 1: int2hexdisp-bhv File: D:/Google_Drive/Uni/Master/M Y1 1A/Embedded Computer Architectures/MACv2/int2hexdisp.vhd Line: 18
    Info (12023): Found entity 1: int2hexdisp File: D:/Google_Drive/Uni/Master/M Y1 1A/Embedded Computer Architectures/MACv2/int2hexdisp.vhd Line: 6
Info (12021): Found 2 design units, including 1 entities, in source file timer.vhd
    Info (12022): Found design unit 1: timer-bhv File: D:/Google_Drive/Uni/Master/M Y1 1A/Embedded Computer Architectures/MACv2/timer.vhd Line: 14
    Info (12023): Found entity 1: timer File: D:/Google_Drive/Uni/Master/M Y1 1A/Embedded Computer Architectures/MACv2/timer.vhd Line: 6
Info (12021): Found 2 design units, including 1 entities, in source file mac.vhd
    Info (12022): Found design unit 1: MAC-bhv File: D:/Google_Drive/Uni/Master/M Y1 1A/Embedded Computer Architectures/MACv2/MAC.vhd Line: 15
    Info (12023): Found entity 1: MAC File: D:/Google_Drive/Uni/Master/M Y1 1A/Embedded Computer Architectures/MACv2/MAC.vhd Line: 6
Info (12021): Found 2 design units, including 0 entities, in source file common.vhd
    Info (12022): Found design unit 1: common File: D:/Google_Drive/Uni/Master/M Y1 1A/Embedded Computer Architectures/MACv2/common.vhd Line: 1
    Info (12022): Found design unit 2: common-body File: D:/Google_Drive/Uni/Master/M Y1 1A/Embedded Computer Architectures/MACv2/common.vhd Line: 9
Info (12127): Elaborating entity "MACv2" for the top level hierarchy
Warning (10541): VHDL Signal Declaration warning at MACv2.vhd(10): used implicit default value for signal "LEDR" because signal was never assigned a value or an explicit default value. Use of implicit default value may introduce unintended design optimizations. File: D:/Google_Drive/Uni/Master/M Y1 1A/Embedded Computer Architectures/MACv2/MACv2.vhd Line: 10
Info (12128): Elaborating entity "int2hexdisp" for hierarchy "int2hexdisp:disp" File: D:/Google_Drive/Uni/Master/M Y1 1A/Embedded Computer Architectures/MACv2/MACv2.vhd Line: 86
Info (12128): Elaborating entity "timer" for hierarchy "timer:timer1" File: D:/Google_Drive/Uni/Master/M Y1 1A/Embedded Computer Architectures/MACv2/MACv2.vhd Line: 87
Info (12128): Elaborating entity "MAC" for hierarchy "MAC:MAC0" File: D:/Google_Drive/Uni/Master/M Y1 1A/Embedded Computer Architectures/MACv2/MACv2.vhd Line: 89
Warning (13024): Output pins are stuck at VCC or GND
    Warning (13410): Pin "LEDR[0]" is stuck at GND File: D:/Google_Drive/Uni/Master/M Y1 1A/Embedded Computer Architectures/MACv2/MACv2.vhd Line: 10
    Warning (13410): Pin "LEDR[1]" is stuck at GND File: D:/Google_Drive/Uni/Master/M Y1 1A/Embedded Computer Architectures/MACv2/MACv2.vhd Line: 10
    Warning (13410): Pin "LEDR[2]" is stuck at GND File: D:/Google_Drive/Uni/Master/M Y1 1A/Embedded Computer Architectures/MACv2/MACv2.vhd Line: 10
    Warning (13410): Pin "LEDR[3]" is stuck at GND File: D:/Google_Drive/Uni/Master/M Y1 1A/Embedded Computer Architectures/MACv2/MACv2.vhd Line: 10
    Warning (13410): Pin "LEDR[4]" is stuck at GND File: D:/Google_Drive/Uni/Master/M Y1 1A/Embedded Computer Architectures/MACv2/MACv2.vhd Line: 10
    Warning (13410): Pin "LEDR[5]" is stuck at GND File: D:/Google_Drive/Uni/Master/M Y1 1A/Embedded Computer Architectures/MACv2/MACv2.vhd Line: 10
    Warning (13410): Pin "LEDR[6]" is stuck at GND File: D:/Google_Drive/Uni/Master/M Y1 1A/Embedded Computer Architectures/MACv2/MACv2.vhd Line: 10
    Warning (13410): Pin "LEDR[7]" is stuck at GND File: D:/Google_Drive/Uni/Master/M Y1 1A/Embedded Computer Architectures/MACv2/MACv2.vhd Line: 10
    Warning (13410): Pin "LEDR[8]" is stuck at GND File: D:/Google_Drive/Uni/Master/M Y1 1A/Embedded Computer Architectures/MACv2/MACv2.vhd Line: 10
    Warning (13410): Pin "LEDR[9]" is stuck at GND File: D:/Google_Drive/Uni/Master/M Y1 1A/Embedded Computer Architectures/MACv2/MACv2.vhd Line: 10
Info (286030): Timing-Driven Synthesis is running
Info (16010): Generating hard_block partition "hard_block:auto_generated_inst"
    Info (16011): Adding 0 node(s), including 0 DDIO, 0 PLL, 0 transceiver and 0 LCELL
Warning (21074): Design contains 4 input pin(s) that do not drive logic
    Warning (15610): No output dependent on input pin "KEY[3]" File: D:/Google_Drive/Uni/Master/M Y1 1A/Embedded Computer Architectures/MACv2/MACv2.vhd Line: 8
    Warning (15610): No output dependent on input pin "CLOCK_50" File: D:/Google_Drive/Uni/Master/M Y1 1A/Embedded Computer Architectures/MACv2/MACv2.vhd Line: 9
    Warning (15610): No output dependent on input pin "SW[8]" File: D:/Google_Drive/Uni/Master/M Y1 1A/Embedded Computer Architectures/MACv2/MACv2.vhd Line: 11
    Warning (15610): No output dependent on input pin "SW[9]" File: D:/Google_Drive/Uni/Master/M Y1 1A/Embedded Computer Architectures/MACv2/MACv2.vhd Line: 11
Info (21057): Implemented 1152 device resources after synthesis - the final resource count might be different
    Info (21058): Implemented 15 input pins
    Info (21059): Implemented 52 output pins
    Info (21061): Implemented 1069 logic cells
    Info (21062): Implemented 16 DSP elements
Info: Quartus Prime Analysis & Synthesis was successful. 0 errors, 17 warnings
    Info: Peak virtual memory: 4887 megabytes
    Info: Processing ended: Wed Nov 04 16:31:04 2020
    Info: Elapsed time: 00:00:14
    Info: Total CPU time (on all processors): 00:00:23


